[meandmodels.com/index.html]
[backblue.gif]
[fade.gif]
[index.html]
[meandmodels.com/static/assets/img/favicon.png]
[meandmodels.com/static/assets/bootstrap/css/bootstrap.min.css]
[meandmodels.com/static/assets/fonts/font-awesome.min.css]
[meandmodels.com/static/assets/fonts/themify-icons.css]
[meandmodels.com/static/assets/owlcarousel/css/owl.carousel.css]
[meandmodels.com/static/assets/owlcarousel/css/owl.theme.css]
[meandmodels.com/static/assets/css/slicknav.css]
[meandmodels.com/static/assets/css/magnific-popup.css]
[meandmodels.com/static/assets/css/animate.css]
[meandmodels.com/static/assets/css/popup.css]
[meandmodels.com/static/assets/css/style.css]
[meandmodels.com/static/assets/css/responsive.css]
[meandmodels.com/index-2.html]
[meandmodels.com/static/assets/img/logo.png]
[meandmodels.com/static/assets/img/home2.png]
[meandmodels.com/static/assets/img/about.png]
[meandmodels.com/static/assets/img/platform.png]
[meandmodels.com/static/assets/img/trader-img.png]
[meandmodels.com/static/assets/img/01-Chat.png]
[meandmodels.com/static/assets/img/juwita3.13.delayed]
[meandmodels.com/static/assets/img/juwita]
[meandmodels.com/static/assets/img/image2.jpg]
[meandmodels.com/static/assets/img/image4.jpg]
[meandmodels.com/static/assets/img/image3.jpg]
[meandmodels.com/static/assets/img/image1.jpg]
[meandmodels.com/static/assets/img/download-banner.png]
[unpkg.com/web3modal@1.9.4/dist/index.js]
[unpkg.com/evm-chains@0.2.0/dist/umd/index.min.js]
[unpkg.com/fortmatic@2.2.1/dist/fortmatic.js]
[cdnjs.cloudflare.com/ajax/libs/axios/0.19.2/axios.min.js]
[meandmodels.com/static/assets/js/jquery-1.12.4.min.js]
[meandmodels.com/static/assets/bootstrap/js/bootstrap.min.js]
[meandmodels.com/static/assets/js/modernizr-2.8.3.min.js]
[unpkg.com/@walletconnect/web3-provider@1.5.2/dist/umd/index.min.js]
[meandmodels.com/static/assets/owlcarousel/js/owl.carousel.min.js]
[meandmodels.com/static/assets/js/jquery.counterup.min.js]
[meandmodels.com/static/assets/js/countdown.js]
[meandmodels.com/static/assets/js/particles.min.js]
[unpkg.com/web3@1.6.0/dist/web3.min.js]
[meandmodels.com/static/assets/js/app.js]
[meandmodels.com/static/assets/js/jquery.nav.js]
[meandmodels.com/static/assets/js/smooth-scroll.js]
[meandmodels.com/static/assets/js/jquery.slicknav.js]
[meandmodels.com/static/assets/js/scrolltopcontrol.js]
[meandmodels.com/static/assets/js/jquery.magnific-popup.min.js]
[meandmodels.com/static/assets/js/jquery.leanModal.min.js]
[meandmodels.com/static/assets/js/wow.min.js]
[meandmodels.com/static/assets/js/scripts.js]
[meandmodels.com/index.html]
[meandmodels.com/static/assets/bootstrap/css/bootstrap.min.css]
[meandmodels.com/static/assets/js/login.js]
[meandmodels.com/static/assets/fonts/fontawesome-webfont3295.eot]
[meandmodels.com/static/assets/fonts/fontawesome-webfontd41d.eot]
[meandmodels.com/static/assets/fonts/fontawesome-webfont3295.woff2]
[meandmodels.com/static/assets/fonts/fontawesome-webfont3295.woff]
[meandmodels.com/static/assets/fonts/fontawesome-webfont3295.ttf]
[meandmodels.com/static/assets/fonts/fontawesome-webfont3295.svg]
[meandmodels.com/static/assets/fonts/font-awesome.min.css]
[meandmodels.com/static/assets/fonts/themify9f24.eot]
[meandmodels.com/static/assets/fonts/themifyd41d.eot]
[meandmodels.com/static/assets/fonts/themify9f24.woff]
[meandmodels.com/static/assets/fonts/themify9f24.ttf]
[meandmodels.com/static/assets/fonts/themify9f24.svg]
[meandmodels.com/static/assets/fonts/themify-icons.css]
[meandmodels.com/static/assets/owlcarousel/css/grabbing.png]
[meandmodels.com/static/assets/owlcarousel/css/owl.carousel.css]
[meandmodels.com/static/assets/owlcarousel/css/AjaxLoader.gif]
[meandmodels.com/static/assets/owlcarousel/css/owl.theme.css]
[meandmodels.com/static/assets/css/slicknav.css]
[meandmodels.com/static/assets/css/magnific-popup.css]
[meandmodels.com/static/assets/css/animate.css]
[meandmodels.com/static/assets/css/popup.css]
[meandmodels.com/static/assets/img/line.png]
[meandmodels.com/static/assets/css/style.css]
[meandmodels.com/static/assets/css/responsive.css]
[meandmodels.com/index-2.html]
[meandmodels.com/static/assets/img/juwita3.html]
[meandmodels.com/static/assets/img/juwita.html]
[meandmodels.com/static/assets/fonts/fontawesome-webfont3295.svg]
[meandmodels.com/static/assets/fonts/themify9f24.svg]
[meandmodels.com/static/assets/owlcarousel/css/grabbing.html]
[meandmodels.com/static/assets/owlcarousel/css/AjaxLoader.html]
[meandmodels.com/static/assets/img/line.html]
